bitcoin_headers circuit
--
Gates & Instructions
├─ Number of gates: 71,238
└─ Number of evaluation instructions: 72,678

Constraints
├─ AND constraints: 31,670 used (96.6% of 2^15)
│  [▓▓▓▓▓▓▓▓▓░] spare: 1,098
├─ MUL constraints: 0 used (0.0% of 2^0)
│  [░░░░░░░░░░] spare: 1
└─ Distinct value indices: 72,649
   ├─ Distinct shifted value indices: 41,152
   └─ Distinct unshifted value indices: 31,497

Value Vector
├─ Public Section: 120 used (93.8% of 2^7)
│  [▓▓▓▓▓▓▓▓▓░] spare: 8
│  ├─ Constants: 120
│  └─ Inout: 0
├─ Private Section: 31,384 used (96.2%)
│  [▓▓▓▓▓▓▓▓▓░] spare: 1,256
│  ├─ Witness: 804
│  └─ Internal: 30,580
├─ Total Committed: 31,504 used (96.1% of 2^15)
│  [▓▓▓▓▓▓▓▓▓░] spare: 1,264
└─ Scratch (uncommitted): 59,658

