bitcoin_p2pkh circuit
--
Gates & Instructions
├─ Number of gates: 378,219
└─ Number of evaluation instructions: 459,714

Constraints
├─ AND constraints: 331,882 used (63.3% of 2^19)
│  [▓▓▓▓▓▓░░░░] spare: 192,406
├─ MUL constraints: 36,272 used (55.3% of 2^16)
│  [▓▓▓▓▓░░░░░] spare: 29,264
└─ Distinct value indices: 723,831
   ├─ Distinct shifted value indices: 343,307
   └─ Distinct unshifted value indices: 380,524

Value Vector
├─ Public Section: 115 used (89.8% of 2^7)
│  [▓▓▓▓▓▓▓▓░░] spare: 13
│  ├─ Constants: 115
│  └─ Inout: 0
├─ Private Section: 380,417 used (72.6%)
│  [▓▓▓▓▓▓▓░░░] spare: 143,743
│  ├─ Witness: 9
│  └─ Internal: 380,408
├─ Total Committed: 380,532 used (72.6% of 2^19)
│  [▓▓▓▓▓▓▓░░░] spare: 143,756
└─ Scratch (uncommitted): 329,106

