blake3 circuit
--
Gates & Instructions
├─ Number of gates: 7,624
└─ Number of evaluation instructions: 7,624

Constraints
├─ AND constraints: 5,451 used (66.5% of 2^13)
│  [▓▓▓▓▓▓░░░░] spare: 2,741
├─ MUL constraints: 0 used (0.0% of 0)
│  [░░░░░░░░░░] spare: 0
└─ Distinct value indices: 14,634
   ├─ Distinct shifted value indices: 9,242
   └─ Distinct unshifted value indices: 5,392

Value Vector
├─ Public Section: 281 used (54.9% of 2^9)
│  [▓▓▓▓▓░░░░░] spare: 231
│  ├─ Constants: 17
│  └─ Inout: 264
├─ Private Section: 5,379 used (70.0%)
│  [▓▓▓▓▓▓▓░░░] spare: 2,301
│  ├─ Witness: 0
│  └─ Internal: 5,379
├─ Total Committed: 5,660 used (69.1% of 2^13)
│  [▓▓▓▓▓▓░░░░] spare: 2,532
└─ Scratch (uncommitted): 4,853

