ethsign circuit
--
Gates & Instructions
├─ Number of gates: 231,748
└─ Number of evaluation instructions: 277,448

Constraints
├─ AND constraints: 198,420 used (75.7% of 2^18)
│  [▓▓▓▓▓▓▓░░░] spare: 63,724
├─ MUL constraints: 20,592 used (62.8% of 2^15)
│  [▓▓▓▓▓▓░░░░] spare: 12,176
└─ Distinct value indices: 424,653
   ├─ Distinct shifted value indices: 198,498
   └─ Distinct unshifted value indices: 226,155

Value Vector
├─ Public Section: 119 used (93.0% of 2^7)
│  [▓▓▓▓▓▓▓▓▓░] spare: 9
│  ├─ Constants: 90
│  └─ Inout: 29
├─ Private Section: 226,046 used (86.3%)
│  [▓▓▓▓▓▓▓▓░░] spare: 35,970
│  ├─ Witness: 42
│  └─ Internal: 226,004
├─ Total Committed: 226,165 used (86.3% of 2^18)
│  [▓▓▓▓▓▓▓▓░░] spare: 35,979
└─ Scratch (uncommitted): 191,385

