hashsign circuit
--
Gates & Instructions
├─ Number of gates: 414,681
└─ Number of evaluation instructions: 415,329

Constraints
├─ AND constraints: 306,129 used (58.4% of 2^19)
│  [▓▓▓▓▓░░░░░] spare: 218,159
├─ MUL constraints: 0 used (0.0% of 2^0)
│  [░░░░░░░░░░] spare: 1
└─ Distinct value indices: 776,857
   ├─ Distinct shifted value indices: 469,744
   └─ Distinct unshifted value indices: 307,113

Value Vector
├─ Public Section: 183 used (71.5% of 2^8)
│  [▓▓▓▓▓▓▓░░░] spare: 73
│  ├─ Constants: 157
│  └─ Inout: 26
├─ Private Section: 307,002 used (58.6%)
│  [▓▓▓▓▓░░░░░] spare: 217,030
│  ├─ Witness: 1,776
│  └─ Internal: 305,226
├─ Total Committed: 307,185 used (58.6% of 2^19)
│  [▓▓▓▓▓░░░░░] spare: 217,103
└─ Scratch (uncommitted): 258,588

